// StructureMap: EhisPaqSittingHoursQuestionnaire Response → Observation
//
// Key computation: Q9-hours + (Q9-minutes / 60) → valueQuantity.value (h)
//   The arithmetic is performed by the questionnaire via the SDC
//   calculatedExpression extension on item Q9-total-hours (FHIRPath:
//     (%resource.item.where(linkId='Q9').item.where(linkId='Q9-hours').answer.valueInteger)
//     + (%resource.item.where(linkId='Q9').item.where(linkId='Q9-minutes').answer.valueInteger / 60)
//   ). This map reads the pre-computed decimal — no evaluate() needed.
//
// MaLaC-HD 1.6.0 decimal extraction pattern used here:
//   answer.valueDecimal as decElem then { decElem.value as numVal → ... }
//   The double .value unwrap gives MaLaC-HD a raw primitive it can copy
//   into Quantity.value without a type-coercion crash. All Quantity fields
//   are set in one rule so that no cross-scope variable reference occurs
//   (also a MaLaC-HD limitation).
//
// Mapping behaviour:
//   SetObservationBase (imported from at-prenudge-q-to-o-base.map) sets:
//     status       = 'final'
//     method       = SCT 87982008 "Manual"  (questionnaire-derived)
//     identifier   (copied from QR)
//     derivedFrom  → QuestionnaireResponse/<src.id>
//     subject      (copied from QR.subject)
//     issued       (from QR.authored)
//   This map additionally sets:
//     meta.profile → at-prenudge-sitting-hours-observation
//     code         = LOINC 87705-0
//     effectiveDateTime from QR.authored (Q9 has no embedded date sub-item)
//   Item extraction:
//     linkId = 'Q9'            (verbatim from EhisPaqSittingHoursQuestionnaire)
//     Q9-total-hours (decimal, SDC calculatedExpression) → Observation.valueQuantity (h)

map "https://fhir.hl7.at/prenudge/appdata/r4/StructureMap/SittingHoursQuestionnaireResponseToObservation" = "SittingHoursQuestionnaireResponseToObservation"

// Sitting Hours EHIS-PAQ Q9 / ATHIS PE9 to O

/// url = "https://fhir.hl7.at/prenudge/appdata/r4/StructureMap/SittingHoursQuestionnaireResponseToObservation"
/// name = "SittingHoursQuestionnaireResponseToObservation"
/// title = "Sitting Hours Q to O"
/// status = "active"

uses "http://hl7.org/fhir/StructureDefinition/QuestionnaireResponse" alias QR  as source
uses "http://hl7.org/fhir/StructureDefinition/Observation"            alias Obs as target

imports "http://hl7.org/fhir/StructureMap/*"
imports "https://fhir.hl7.at/prenudge/appdata/r4/StructureMap/QuestionnaireResponseToObservationBase"

// ---------------------------------------------------------------------------
// Main entry group
// ---------------------------------------------------------------------------
group SittingHoursQuestionnaireResponseToObservation(source src : QR, target tgt : Obs) {

  // Shared base: identifier copy, derivedFrom, subject, issued, status, method.
  src then SetObservationBase(src, tgt) "Base";

  // Target profile
  src -> tgt.meta = create('Meta') as meta,
    meta.profile = 'https://fhir.hl7.at/prenudge/appdata/r4/StructureDefinition/at-prenudge-sitting-hours-observation' "SetProfile";

  // Observation code
  src -> tgt.code = cc('http://loinc.org', '87705-0', 'Sedentary activity 24 hour') "SetCode";

  // effectiveDateTime from authored (Q9 has no embedded date sub-item)
  src.authored as authored -> tgt.effectiveDateTime = authored "SetEffectiveDateTime";

  // Map Q9 group to Observation.value
  src.item as item where linkId = 'Q9' then MapQ9ToSittingHours(item, tgt) "ProcessQ9";
}

// ---------------------------------------------------------------------------
// Q9 → Observation.valueQuantity (h)
//
// Q9-total-hours (decimal, SDC calculatedExpression) is read using the
// MaLaC-HD 1.6.0 two-level .value unwrap pattern (valueDecimal → .value).
// The arithmetic Q9-hours + (Q9-minutes / 60) is pre-computed by the
// questionnaire; this map copies the result without evaluate().
// ---------------------------------------------------------------------------
group MapQ9ToSittingHours(source src : QR, target tgt : Obs) {
  src.item as totHours where linkId = 'Q9-total-hours' then {
    totHours.answer as ans then {
      ans.valueDecimal as decElem then {
        decElem.value as numVal ->
          tgt.value = create('Quantity') as qty,
          qty.value = numVal,
          qty.unit = 'h',
          qty.system = 'http://unitsofmeasure.org',
          qty.code = 'h' "SetSittingQuantity";
      } "UnwrapDecimal";
    } "GetAnswer";
  } "GetTotalHours";
}
